207.46.13.168 - - [01/May/2016:01:48:20 +0000] "GET /taggar/konsult/ HTTP/1.1" 200 3687 "-" "Mozilla/5.0 (compatible; bingbot/2.0; +http://www.bing.com/bingbot.htm)"
69.162.124.230 - - [01/May/2016:01:48:29 +0000] "GET / HTTP/1.1" 200 4395 "-" "Mozilla/5.0+(compatible; UptimeRobot/2.0; http://www.uptimerobot.com/)"
207.46.13.168 - - [01/May/2016:01:49:14 +0000] "GET /author/mikael-thorsson/ HTTP/1.1" 200 3593 "-" "Mozilla/5.0 (compatible; bingbot/2.0; +http://www.bing.com/bingbot.htm)"
173.252.88.91 - - [01/May/2016:01:49:28 +0000] "GET /wp-uploads/2016/01/AdobeStock_81912499_WM.jpeg HTTP/1.1" 404 3474 "-" "facebookexternalhit/1.1 (+http://www.facebook.com/externalhit_uatext.php)"
162.243.126.57 - - [01/May/2016:01:49:30 +0000] "GET /feed/ HTTP/1.1" 200 24386 "-" "Feedbin feed-id:387113 - 1 subscribers"
188.138.124.110 - - [01/May/2016:01:49:52 +0000] "GET / HTTP/1.1" 200 4395 "-" "Pingdom.com_bot_version_1.4_(http://www.pingdom.com/)"
213.115.162.107 - - [01/May/2016:01:50:11 +0000] "POST /wp-admin/admin-ajax.php HTTP/1.1" 200 102 "https://cygni.se/wp-admin/post.php?post=7572&action=edit" "Mozilla/5.0 (Windows NT 10.0; WOW64) AppleWebKit/537.36 (KHTML, like Gecko) Chrome/49.0.2623.112 Safari/537.36"
157.55.39.17 - - [01/May/2016:01:50:37 +0000] "GET /cygnibloggen/tips-jadclipse/ HTTP/1.1" 200 4091 "-" "Mozilla/5.0 (compatible; bingbot/2.0; +http://www.bing.com/bingbot.htm)"
157.55.39.62 - - [01/May/2016:01:50:44 +0000] "GET /wp-content/plugins/wp-gallery-custom-links/wp-gallery-custom-links.js?ver=1.1 HTTP/1.1" 304 - "-" "Mozilla/5.0 (compatible; bingbot/2.0; +http://www.bing.com/bingbot.htm)"
157.55.39.62 - - [01/May/2016:01:50:44 +0000] "GET /wp-content/themes/cygni2015/assets/img/icons/facebook-circle.svg HTTP/1.1" 304 - "-" "Mozilla/5.0 (compatible; bingbot/2.0; +http://www.bing.com/bingbot.htm)"
157.55.39.17 - - [01/May/2016:01:50:48 +0000] "GET /wp-includes/js/jquery/jquery-migrate.min.js?ver=1.2.1 HTTP/1.1" 304 - "-" "Mozilla/5.0 (compatible; bingbot/2.0; +http://www.bing.com/bingbot.htm)"
157.55.39.31 - - [01/May/2016:01:50:53 +0000] "GET /wp-content/themes/cygni2015/assets/img/icons/linkedin-circle.svg HTTP/1.1" 304 - "-" "Mozilla/5.0 (compatible; bingbot/2.0; +http://www.bing.com/bingbot.htm)"
207.46.13.168 - - [01/May/2016:01:50:58 +0000] "GET /wp-content/plugins/wp-pagenavi/pagenavi-css.css?ver=2.70 HTTP/1.1" 304 - "-" "Mozilla/5.0 (compatible; bingbot/2.0; +http://www.bing.com/bingbot.htm)"
207.46.13.168 - - [01/May/2016:01:50:58 +0000] "GET /wp-content/plugins/lightbox-gallery/lightbox-gallery.css HTTP/1.1" 304 - "-" "Mozilla/5.0 (compatible; bingbot/2.0; +http://www.bing.com/bingbot.htm)"
80.69.225.169 - - [01/May/2016:01:51:37 +0000] "GET /cygnibloggen/page/93/ HTTP/1.0" 200 3821 "-" "ECCP/1.2.1 (productlists@eniro.com)"
162.210.196.130 - - [01/May/2016:01:52:01 +0000] "GET /robots.txt HTTP/1.0" 200 35 "-" "Mozilla/5.0 (compatible; MJ12bot/v1.4.5; http://www.majestic12.co.uk/bot.php?+)"
162.210.196.130 - - [01/May/2016:01:52:07 +0000] "GET /robots.txt HTTP/1.0" 200 35 "-" "Mozilla/5.0 (compatible; MJ12bot/v1.4.5; http://www.majestic12.co.uk/bot.php?+)"
162.210.196.130 - - [01/May/2016:01:52:09 +0000] "GET / HTTP/1.0" 200 16220 "-" "Mozilla/5.0 (compatible; MJ12bot/v1.4.5; http://www.majestic12.co.uk/bot.php?+)"
213.115.162.107 - - [01/May/2016:01:52:11 +0000] "POST /wp-admin/admin-ajax.php HTTP/1.1" 200 102 "https://cygni.se/wp-admin/post.php?post=7572&action=edit" "Mozilla/5.0 (Windows NT 10.0; WOW64) AppleWebKit/537.36 (KHTML, like Gecko) Chrome/49.0.2623.112 Safari/537.36"
185.59.3.8 - - [01/May/2016:01:52:36 +0000] "GET /feed/ HTTP/1.1" 200 24386 "-" "g2reader-bot/1.0 (+http://www.g2reader.com/; 1 subscribers; feed-id=687855)"
207.46.13.168 - - [01/May/2016:01:52:48 +0000] "GET /jobba-pa-cygni/ HTTP/1.1" 200 5357 "-" "Mozilla/5.0 (compatible; bingbot/2.0; +http://www.bing.com/bingbot.htm)"
157.55.39.31 - - [01/May/2016:01:53:05 +0000] "GET /wp-uploads/2015/03/stacktrace-1-computer.jpg HTTP/1.1" 200 602301 "-" "Mozilla/5.0 (compatible; bingbot/2.0; +http://www.bing.com/bingbot.htm)"
157.55.39.17 - - [01/May/2016:01:53:09 +0000] "GET /wp-uploads/2016/02/DSC_0457-1024x576.jpg HTTP/1.1" 200 101874 "-" "Mozilla/5.0 (compatible; bingbot/2.0; +http://www.bing.com/bingbot.htm)"
207.46.13.168 - - [01/May/2016:01:53:14 +0000] "GET /wp-content/themes/cygni2015/assets/img/gradient.png HTTP/1.1" 200 216 "-" "Mozilla/5.0 (compatible; bingbot/2.0; +http://www.bing.com/bingbot.htm)"
207.46.13.168 - - [01/May/2016:01:53:15 +0000] "GET /wp-uploads/2016/03/handshake-small-crop.jpg HTTP/1.1" 200 41773 "-" "Mozilla/5.0 (compatible; bingbot/2.0; +http://www.bing.com/bingbot.htm)"
69.162.124.230 - - [01/May/2016:01:53:30 +0000] "GET / HTTP/1.1" 200 4395 "-" "Mozilla/5.0+(compatible; UptimeRobot/2.0; http://www.uptimerobot.com/)"
157.55.39.62 - - [01/May/2016:01:53:41 +0000] "GET /pressmeddelanden/ny-kund-jonssonlepp/ HTTP/1.1" 301 20 "-" "Mozilla/5.0 (compatible; bingbot/2.0; +http://www.bing.com/bingbot.htm)"
80.69.225.169 - - [01/May/2016:01:54:08 +0000] "GET /cygnibloggen/page/71/ HTTP/1.0" 200 3850 "-" "ECCP/1.2.1 (productlists@eniro.com)"
213.115.162.107 - - [01/May/2016:01:54:12 +0000] "POST /wp-admin/admin-ajax.php HTTP/1.1" 200 102 "https://cygni.se/wp-admin/post.php?post=7572&action=edit" "Mozilla/5.0 (Windows NT 10.0; WOW64) AppleWebKit/537.36 (KHTML, like Gecko) Chrome/49.0.2623.112 Safari/537.36"
62.210.215.100 - - [01/May/2016:01:54:40 +0000] "GET /2010/04/23/geek-girl-meetup-rest-stod-i-spring-3/feed/ HTTP/1.1" 200 509 "-" "Mozilla/5.0 (X11; Linux i686) AppleWebKit/537.36 (KHTML, like Gecko) Chrome/30.0.1599.66 Safari/537.36"
76.72.172.208 - - [01/May/2016:01:54:53 +0000] "GET / HTTP/1.1" 200 4395 "-" "Pingdom.com_bot_version_1.4_(http://www.pingdom.com/)"
213.115.162.107 - - [01/May/2016:01:56:13 +0000] "POST /wp-admin/admin-ajax.php HTTP/1.1" 200 102 "https://cygni.se/wp-admin/post.php?post=7572&action=edit" "Mozilla/5.0 (Windows NT 10.0; WOW64) AppleWebKit/537.36 (KHTML, like Gecko) Chrome/49.0.2623.112 Safari/537.36"
66.249.78.216 - - [01/May/2016:01:57:58 +0000] "GET /feed/ HTTP/1.1" 200 24386 "-" "Mozilla/5.0 (compatible; Googlebot/2.1; +http://www.google.com/bot.html)"
213.115.162.107 - - [01/May/2016:01:58:14 +0000] "POST /wp-admin/admin-ajax.php HTTP/1.1" 200 102 "https://cygni.se/wp-admin/post.php?post=7572&action=edit" "Mozilla/5.0 (Windows NT 10.0; WOW64) AppleWebKit/537.36 (KHTML, like Gecko) Chrome/49.0.2623.112 Safari/537.36"
157.55.39.31 - - [01/May/2016:01:58:21 +0000] "GET /taggar/jmock/ HTTP/1.1" 200 3564 "-" "Mozilla/5.0 (compatible; bingbot/2.0; +http://www.bing.com/bingbot.htm)"
69.162.124.230 - - [01/May/2016:01:58:29 +0000] "GET / HTTP/1.1" 200 4395 "-" "Mozilla/5.0+(compatible; UptimeRobot/2.0; http://www.uptimerobot.com/)"
80.69.225.169 - - [01/May/2016:01:59:50 +0000] "GET / HTTP/1.0" 200 4395 "-" "ECCP/1.2.1 (productlists@eniro.com)"
94.247.174.83 - - [01/May/2016:01:59:52 +0000] "GET / HTTP/1.1" 200 4395 "-" "Pingdom.com_bot_version_1.4_(http://www.pingdom.com/)"
157.55.39.31 - - [01/May/2016:02:00:02 +0000] "GET /wp-content/themes/cygni2015/assets/img/icons/linkedin-circle.svg HTTP/1.1" 200 537 "-" "Mozilla/5.0 (compatible; bingbot/2.0; +http://www.bing.com/bingbot.htm)"
207.46.13.168 - - [01/May/2016:02:00:08 +0000] "GET /wp-content/themes/cygni2015/assets/js/main.min.js?ver=1.2 HTTP/1.1" 200 2668 "-" "Mozilla/5.0 (compatible; bingbot/2.0; +http://www.bing.com/bingbot.htm)"
213.115.162.107 - - [01/May/2016:02:00:15 +0000] "POST /wp-admin/admin-ajax.php HTTP/1.1" 200 102 "https://cygni.se/wp-admin/post.php?post=7572&action=edit" "Mozilla/5.0 (Windows NT 10.0; WOW64) AppleWebKit/537.36 (KHTML, like Gecko) Chrome/49.0.2623.112 Safari/537.36"
213.115.162.107 - - [01/May/2016:02:02:16 +0000] "POST /wp-admin/admin-ajax.php HTTP/1.1" 200 102 "https://cygni.se/wp-admin/post.php?post=7572&action=edit" "Mozilla/5.0 (Windows NT 10.0; WOW64) AppleWebKit/537.36 (KHTML, like Gecko) Chrome/49.0.2623.112 Safari/537.36"
69.162.124.230 - - [01/May/2016:02:03:30 +0000] "GET / HTTP/1.1" 200 4395 "-" "Mozilla/5.0+(compatible; UptimeRobot/2.0; http://www.uptimerobot.com/)"
157.55.39.31 - - [01/May/2016:02:03:51 +0000] "GET /taggar/admin/page/2/ HTTP/1.1" 200 3693 "-" "Mozilla/5.0 (compatible; bingbot/2.0; +http://www.bing.com/bingbot.htm)"
213.115.162.107 - - [01/May/2016:02:04:17 +0000] "POST /wp-admin/admin-ajax.php HTTP/1.1" 200 102 "https://cygni.se/wp-admin/post.php?post=7572&action=edit" "Mozilla/5.0 (Windows NT 10.0; WOW64) AppleWebKit/537.36 (KHTML, like Gecko) Chrome/49.0.2623.112 Safari/537.36"
204.152.200.42 - - [01/May/2016:02:04:53 +0000] "GET / HTTP/1.1" 200 4395 "-" "Pingdom.com_bot_version_1.4_(http://www.pingdom.com/)"
157.55.39.62 - - [01/May/2016:02:05:45 +0000] "GET /wp-includes/js/wp-emoji-release.min.js?ver=4.3.1 HTTP/1.1" 304 - "-" "Mozilla/5.0 (compatible; bingbot/2.0; +http://www.bing.com/bingbot.htm)"
207.46.13.168 - - [01/May/2016:02:06:12 +0000] "GET /cygnibloggen/cygni-bygger-ny-sajt/ HTTP/1.1" 200 4082 "-" "Mozilla/5.0 (compatible; bingbot/2.0; +http://www.bing.com/bingbot.htm)"
213.115.162.107 - - [01/May/2016:02:06:18 +0000] "POST /wp-admin/admin-ajax.php HTTP/1.1" 200 102 "https://cygni.se/wp-admin/post.php?post=7572&action=edit" "Mozilla/5.0 (Windows NT 10.0; WOW64) AppleWebKit/537.36 (KHTML, like Gecko) Chrome/49.0.2623.112 Safari/537.36"
213.115.162.107 - - [01/May/2016:02:08:19 +0000] "POST /wp-admin/admin-ajax.php HTTP/1.1" 200 102 "https://cygni.se/wp-admin/post.php?post=7572&action=edit" "Mozilla/5.0 (Windows NT 10.0; WOW64) AppleWebKit/537.36 (KHTML, like Gecko) Chrome/49.0.2623.112 Safari/537.36"
66.249.78.227 - - [01/May/2016:02:08:23 +0000] "GET /rss HTTP/1.1" 301 20 "-" "Mozilla/5.0 (compatible; Googlebot/2.1; +http://www.google.com/bot.html)"
66.249.78.216 - - [01/May/2016:02:08:23 +0000] "GET /feed/ HTTP/1.1" 200 24386 "-" "Mozilla/5.0 (compatible; Googlebot/2.1; +http://www.google.com/bot.html)"
69.162.124.230 - - [01/May/2016:02:08:29 +0000] "GET / HTTP/1.1" 200 4395 "-" "Mozilla/5.0+(compatible; UptimeRobot/2.0; http://www.uptimerobot.com/)"
95.211.217.68 - - [01/May/2016:02:09:52 +0000] "GET / HTTP/1.1" 200 4395 "-" "Pingdom.com_bot_version_1.4_(http://www.pingdom.com/)"
213.115.162.107 - - [01/May/2016:02:10:19 +0000] "POST /wp-admin/admin-ajax.php HTTP/1.1" 200 102 "https://cygni.se/wp-admin/post.php?post=7572&action=edit" "Mozilla/5.0 (Windows NT 10.0; WOW64) AppleWebKit/537.36 (KHTML, like Gecko) Chrome/49.0.2623.112 Safari/537.36"
213.115.162.107 - - [01/May/2016:02:12:20 +0000] "POST /wp-admin/admin-ajax.php HTTP/1.1" 200 102 "https://cygni.se/wp-admin/post.php?post=7572&action=edit" "Mozilla/5.0 (Windows NT 10.0; WOW64) AppleWebKit/537.36 (KHTML, like Gecko) Chrome/49.0.2623.112 Safari/537.36"
157.55.39.62 - - [01/May/2016:02:12:47 +0000] "GET /cygnibloggen/248-miljoner-nya-openid-konton-fran-yahoo/ HTTP/1.1" 200 4061 "-" "Mozilla/5.0 (compatible; bingbot/2.0; +http://www.bing.com/bingbot.htm)"
69.162.124.230 - - [01/May/2016:02:13:30 +0000] "GET / HTTP/1.1" 200 4395 "-" "Mozilla/5.0+(compatible; UptimeRobot/2.0; http://www.uptimerobot.com/)"
162.243.99.146 - - [01/May/2016:02:14:12 +0000] "GET /kategori/stacktrace/feed/ HTTP/1.1" 301 20 "-" "Feedbin feed-id:326589 - 1 subscribers"
162.243.99.146 - - [01/May/2016:02:14:12 +0000] "GET /stacktrace/feed/ HTTP/1.1" 404 3474 "-" "Feedbin feed-id:326589 - 1 subscribers"
213.115.162.107 - - [01/May/2016:02:14:21 +0000] "POST /wp-admin/admin-ajax.php HTTP/1.1" 200 102 "https://cygni.se/wp-admin/post.php?post=7572&action=edit" "Mozilla/5.0 (Windows NT 10.0; WOW64) AppleWebKit/537.36 (KHTML, like Gecko) Chrome/49.0.2623.112 Safari/537.36"
178.255.155.2 - - [01/May/2016:02:14:53 +0000] "GET / HTTP/1.1" 200 4395 "-" "Pingdom.com_bot_version_1.4_(http://www.pingdom.com/)"
162.243.104.237 - - [01/May/2016:02:15:17 +0000] "GET /feed/ HTTP/1.1" 200 24386 "-" "Feedbin feed-id:387113 - 1 subscribers"
213.115.162.107 - - [01/May/2016:02:16:22 +0000] "POST /wp-admin/admin-ajax.php HTTP/1.1" 200 102 "https://cygni.se/wp-admin/post.php?post=7572&action=edit" "Mozilla/5.0 (Windows NT 10.0; WOW64) AppleWebKit/537.36 (KHTML, like Gecko) Chrome/49.0.2623.112 Safari/537.36"
107.20.108.136 - - [01/May/2016:02:16:23 +0000] "GET /robots.txt HTTP/1.0" 200 55 "-" "CCBot/2.0 (http://commoncrawl.org/faq/)"
213.115.162.107 - - [01/May/2016:02:18:23 +0000] "POST /wp-admin/admin-ajax.php HTTP/1.1" 200 102 "https://cygni.se/wp-admin/post.php?post=7572&action=edit" "Mozilla/5.0 (Windows NT 10.0; WOW64) AppleWebKit/537.36 (KHTML, like Gecko) Chrome/49.0.2623.112 Safari/537.36"
69.162.124.230 - - [01/May/2016:02:18:29 +0000] "GET / HTTP/1.1" 200 4395 "-" "Mozilla/5.0+(compatible; UptimeRobot/2.0; http://www.uptimerobot.com/)"
157.55.39.17 - - [01/May/2016:02:19:45 +0000] "GET /taggar/spring/page/7/ HTTP/1.1" 200 3680 "-" "Mozilla/5.0 (compatible; bingbot/2.0; +http://www.bing.com/bingbot.htm)"
83.170.113.210 - - [01/May/2016:02:19:53 +0000] "GET / HTTP/1.1" 200 4395 "-" "Pingdom.com_bot_version_1.4_(http://www.pingdom.com/)"
157.55.39.17 - - [01/May/2016:02:19:59 +0000] "GET /wp-uploads/2015/03/talentum-logo.png HTTP/1.1" 200 4687 "-" "Mozilla/5.0 (compatible; bingbot/2.0; +http://www.bing.com/bingbot.htm)"
213.115.162.107 - - [01/May/2016:02:20:24 +0000] "POST /wp-admin/admin-ajax.php HTTP/1.1" 200 102 "https://cygni.se/wp-admin/post.php?post=7572&action=edit" "Mozilla/5.0 (Windows NT 10.0; WOW64) AppleWebKit/537.36 (KHTML, like Gecko) Chrome/49.0.2623.112 Safari/537.36"
157.55.39.62 - - [01/May/2016:02:20:35 +0000] "GET /wp-uploads/2011/06/Got-1982-300x205.jpg HTTP/1.1" 200 33190 "-" "Mozilla/5.0 (compatible; bingbot/2.0; +http://www.bing.com/bingbot.htm)"
157.55.39.17 - - [01/May/2016:02:21:53 +0000] "GET /search/eclipse/page/2/ HTTP/1.1" 200 3280 "-" "Mozilla/5.0 (compatible; bingbot/2.0; +http://www.bing.com/bingbot.htm)"
213.115.162.107 - - [01/May/2016:02:22:24 +0000] "POST /wp-admin/admin-ajax.php HTTP/1.1" 200 102 "https://cygni.se/wp-admin/post.php?post=7572&action=edit" "Mozilla/5.0 (Windows NT 10.0; WOW64) AppleWebKit/537.36 (KHTML, like Gecko) Chrome/49.0.2623.112 Safari/537.36"
69.162.124.230 - - [01/May/2016:02:23:30 +0000] "GET / HTTP/1.1" 200 4395 "-" "Mozilla/5.0+(compatible; UptimeRobot/2.0; http://www.uptimerobot.com/)"
213.115.162.107 - - [01/May/2016:02:24:25 +0000] "POST /wp-admin/admin-ajax.php HTTP/1.1" 200 102 "https://cygni.se/wp-admin/post.php?post=7572&action=edit" "Mozilla/5.0 (Windows NT 10.0; WOW64) AppleWebKit/537.36 (KHTML, like Gecko) Chrome/49.0.2623.112 Safari/537.36"
184.75.210.90 - - [01/May/2016:02:24:53 +0000] "GET / HTTP/1.1" 200 4395 "-" "Pingdom.com_bot_version_1.4_(http://www.pingdom.com/)"
157.55.39.31 - - [01/May/2016:02:25:31 +0000] "GET /wp-uploads/2012/05/4C3A142B-0ADE-47C8-AFB9-F0811B391C96.jpg HTTP/1.1" 200 63937 "-" "Mozilla/5.0 (compatible; bingbot/2.0; +http://www.bing.com/bingbot.htm)"
213.115.162.107 - - [01/May/2016:02:26:26 +0000] "POST /wp-admin/admin-ajax.php HTTP/1.1" 200 102 "https://cygni.se/wp-admin/post.php?post=7572&action=edit" "Mozilla/5.0 (Windows NT 10.0; WOW64) AppleWebKit/537.36 (KHTML, like Gecko) Chrome/49.0.2623.112 Safari/537.36"
213.115.162.107 - - [01/May/2016:02:28:27 +0000] "POST /wp-admin/admin-ajax.php HTTP/1.1" 200 102 "https://cygni.se/wp-admin/post.php?post=7572&action=edit" "Mozilla/5.0 (Windows NT 10.0; WOW64) AppleWebKit/537.36 (KHTML, like Gecko) Chrome/49.0.2623.112 Safari/537.36"
69.162.124.230 - - [01/May/2016:02:28:29 +0000] "GET / HTTP/1.1" 200 4395 "-" "Mozilla/5.0+(compatible; UptimeRobot/2.0; http://www.uptimerobot.com/)"
37.252.231.50 - - [01/May/2016:02:29:52 +0000] "GET / HTTP/1.1" 200 4395 "-" "Pingdom.com_bot_version_1.4_(http://www.pingdom.com/)"
213.115.162.107 - - [01/May/2016:02:30:28 +0000] "POST /wp-admin/admin-ajax.php HTTP/1.1" 200 102 "https://cygni.se/wp-admin/post.php?post=7572&action=edit" "Mozilla/5.0 (Windows NT 10.0; WOW64) AppleWebKit/537.36 (KHTML, like Gecko) Chrome/49.0.2623.112 Safari/537.36"
157.55.39.17 - - [01/May/2016:02:30:36 +0000] "GET /wp-uploads/2015/03/scila.png HTTP/1.1" 200 1876 "-" "Mozilla/5.0 (compatible; bingbot/2.0; +http://www.bing.com/bingbot.htm)"
157.55.39.62 - - [01/May/2016:02:32:07 +0000] "GET /wp-uploads/2007/03/jsf-example-classes-small1.png HTTP/1.1" 200 93510 "-" "Mozilla/5.0 (compatible; bingbot/2.0; +http://www.bing.com/bingbot.htm)"
157.55.39.31 - - [01/May/2016:02:32:12 +0000] "GET /wp-uploads/2011/10/job-overview.png HTTP/1.1" 200 17027 "-" "Mozilla/5.0 (compatible; bingbot/2.0; +http://www.bing.com/bingbot.htm)"
213.115.162.107 - - [01/May/2016:02:32:29 +0000] "POST /wp-admin/admin-ajax.php HTTP/1.1" 200 102 "https://cygni.se/wp-admin/post.php?post=7572&action=edit" "Mozilla/5.0 (Windows NT 10.0; WOW64) AppleWebKit/537.36 (KHTML, like Gecko) Chrome/49.0.2623.112 Safari/537.36"
69.162.124.230 - - [01/May/2016:02:33:30 +0000] "GET / HTTP/1.1" 200 4395 "-" "Mozilla/5.0+(compatible; UptimeRobot/2.0; http://www.uptimerobot.com/)"
188.240.40.229 - - [01/May/2016:02:33:40 +0000] "GET /feed/ HTTP/1.1" 304 - "-" "Mozilla/5.0 (Macintosh; Intel Mac OS X 10_11_1) AppleWebKit/537.36 (KHTML, like Gecko) Chrome/46.0.2490.71 Safari/537.36"
213.115.162.107 - - [01/May/2016:02:34:30 +0000] "POST /wp-admin/admin-ajax.php HTTP/1.1" 200 101 "https://cygni.se/wp-admin/post.php?post=7572&action=edit" "Mozilla/5.0 (Windows NT 10.0; WOW64) AppleWebKit/537.36 (KHTML, like Gecko) Chrome/49.0.2623.112 Safari/537.36"
72.46.153.26 - - [01/May/2016:02:34:54 +0000] "GET / HTTP/1.1" 200 4395 "-" "Pingdom.com_bot_version_1.4_(http://www.pingdom.com/)"
157.55.39.17 - - [01/May/2016:02:35:59 +0000] "GET /medarbetare/johannes-dolk/ HTTP/1.1" 200 4078 "-" "Mozilla/5.0 (compatible; bingbot/2.0; +http://www.bing.com/bingbot.htm)"
213.115.162.107 - - [01/May/2016:02:36:31 +0000] "POST /wp-admin/admin-ajax.php HTTP/1.1" 200 102 "https://cygni.se/wp-admin/post.php?post=7572&action=edit" "Mozilla/5.0 (Windows NT 10.0; WOW64) AppleWebKit/537.36 (KHTML, like Gecko) Chrome/49.0.2623.112 Safari/537.36"
207.46.13.168 - - [01/May/2016:02:36:47 +0000] "GET /author/robert-buren/page/5/ HTTP/1.1" 200 3635 "-" "Mozilla/5.0 (compatible; bingbot/2.0; +http://www.bing.com/bingbot.htm)"
69.162.124.230 - - [01/May/2016:02:38:29 +0000] "GET / HTTP/1.1" 200 4395 "-" "Mozilla/5.0+(compatible; UptimeRobot/2.0; http://www.uptimerobot.com/)"
213.115.162.107 - - [01/May/2016:02:38:32 +0000] "POST /wp-admin/admin-ajax.php HTTP/1.1" 200 102 "https://cygni.se/wp-admin/post.php?post=7572&action=edit" "Mozilla/5.0 (Windows NT 10.0; WOW64) AppleWebKit/537.36 (KHTML, like Gecko) Chrome/49.0.2623.112 Safari/537.36"
162.243.99.146 - - [01/May/2016:02:39:08 +0000] "GET /kategori/stacktrace/feed/ HTTP/1.1" 301 20 "-" "Feedbin feed-id:326589 - 1 subscribers"
162.243.99.146 - - [01/May/2016:02:39:09 +0000] "GET /stacktrace/feed/ HTTP/1.1" 404 3474 "-" "Feedbin feed-id:326589 - 1 subscribers"
188.138.124.110 - - [01/May/2016:02:39:52 +0000] "GET / HTTP/1.1" 200 4395 "-" "Pingdom.com_bot_version_1.4_(http://www.pingdom.com/)"
213.115.162.107 - - [01/May/2016:02:40:33 +0000] "POST /wp-admin/admin-ajax.php HTTP/1.1" 200 102 "https://cygni.se/wp-admin/post.php?post=7572&action=edit" "Mozilla/5.0 (Windows NT 10.0; WOW64) AppleWebKit/537.36 (KHTML, like Gecko) Chrome/49.0.2623.112 Safari/537.36"
54.176.48.236 - - [01/May/2016:02:41:05 +0000] "GET /feed/ HTTP/1.1" 304 - "-" "Digg Feed Fetcher 1.0 (Mozilla/5.0 (Macintosh; Intel Mac OS X 10_7_1) AppleWebKit/534.48.3 (KHTML, like Gecko) Version/5.1 Safari/534.48.3)"
66.249.78.216 - - [01/May/2016:02:42:02 +0000] "GET /author/annika/ HTTP/1.1" 200 3554 "-" "Mozilla/5.0 (compatible; Googlebot/2.1; +http://www.google.com/bot.html)"
157.55.39.31 - - [01/May/2016:02:42:12 +0000] "GET /cygnibloggen/egit-git-plugin-for-eclipse/ HTTP/1.1" 200 4130 "-" "Mozilla/5.0 (compatible; bingbot/2.0; +http://www.bing.com/bingbot.htm)"
213.115.162.107 - - [01/May/2016:02:42:34 +0000] "POST /wp-admin/admin-ajax.php HTTP/1.1" 200 102 "https://cygni.se/wp-admin/post.php?post=7572&action=edit" "Mozilla/5.0 (Windows NT 10.0; WOW64) AppleWebKit/537.36 (KHTML, like Gecko) Chrome/49.0.2623.112 Safari/537.36"
69.162.124.230 - - [01/May/2016:02:43:30 +0000] "GET / HTTP/1.1" 200 4395 "-" "Mozilla/5.0+(compatible; UptimeRobot/2.0; http://www.uptimerobot.com/)"
213.115.162.107 - - [01/May/2016:02:44:35 +0000] "POST /wp-admin/admin-ajax.php HTTP/1.1" 200 102 "https://cygni.se/wp-admin/post.php?post=7572&action=edit" "Mozilla/5.0 (Windows NT 10.0; WOW64) AppleWebKit/537.36 (KHTML, like Gecko) Chrome/49.0.2623.112 Safari/537.36"
76.72.172.208 - - [01/May/2016:02:44:53 +0000] "GET / HTTP/1.1" 200 4395 "-" "Pingdom.com_bot_version_1.4_(http://www.pingdom.com/)"
213.115.162.107 - - [01/May/2016:02:46:36 +0000] "POST /wp-admin/admin-ajax.php HTTP/1.1" 200 102 "https://cygni.se/wp-admin/post.php?post=7572&action=edit" "Mozilla/5.0 (Windows NT 10.0; WOW64) AppleWebKit/537.36 (KHTML, like Gecko) Chrome/49.0.2623.112 Safari/537.36"
157.55.39.17 - - [01/May/2016:02:46:55 +0000] "GET /wp-uploads/2011/05/aftonbladet.gif HTTP/1.1" 200 4633 "-" "Mozilla/5.0 (compatible; bingbot/2.0; +http://www.bing.com/bingbot.htm)"
54.82.47.218 - - [01/May/2016:02:47:04 +0000] "GET /taggar/women-in-tech/feed/ HTTP/1.1" 200 4607 "-" "Mozilla/5.0 (compatible; linkdexbot/2.0; +http://www.linkdex.com/bots/)"
157.55.39.62 - - [01/May/2016:02:47:47 +0000] "GET /wp-uploads/2014/03/neo4j-1024x747.png HTTP/1.1" 200 340741 "-" "Mozilla/5.0 (compatible; bingbot/2.0; +http://www.bing.com/bingbot.htm)"
69.162.124.230 - - [01/May/2016:02:48:29 +0000] "GET / HTTP/1.1" 200 4395 "-" "Mozilla/5.0+(compatible; UptimeRobot/2.0; http://www.uptimerobot.com/)"
213.115.162.107 - - [01/May/2016:02:48:37 +0000] "POST /wp-admin/admin-ajax.php HTTP/1.1" 200 102 "https://cygni.se/wp-admin/post.php?post=7572&action=edit" "Mozilla/5.0 (Windows NT 10.0; WOW64) AppleWebKit/537.36 (KHTML, like Gecko) Chrome/49.0.2623.112 Safari/537.36"
68.180.230.252 - - [01/May/2016:02:49:07 +0000] "GET /medarbetare/katrin-tornvall/ HTTP/1.1" 200 3878 "-" "Mozilla/5.0 (compatible; Yahoo! Slurp; http://help.yahoo.com/help/us/ysearch/slurp)"
94.247.174.83 - - [01/May/2016:02:49:52 +0000] "GET / HTTP/1.1" 200 4395 "-" "Pingdom.com_bot_version_1.4_(http://www.pingdom.com/)"
213.115.162.107 - - [01/May/2016:02:50:38 +0000] "POST /wp-admin/admin-ajax.php HTTP/1.1" 200 102 "https://cygni.se/wp-admin/post.php?post=7572&action=edit" "Mozilla/5.0 (Windows NT 10.0; WOW64) AppleWebKit/537.36 (KHTML, like Gecko) Chrome/49.0.2623.112 Safari/537.36"
85.93.93.167 - - [01/May/2016:02:51:17 +0000] "GET /" 400 523 "-" "-"
85.93.93.167 - - [01/May/2016:02:51:24 +0000] "GET /" 400 523 "-" "-"
70.39.246.37 - - [01/May/2016:02:52:12 +0000] "GET /feed/ HTTP/1.1" 200 24386 "-" "Mozilla/5.0 Moreover/5.1 (+http://www.moreover.com; webmaster@moreover.com)"
157.55.39.31 - - [01/May/2016:02:52:24 +0000] "GET /taggar/java/page/11/ HTTP/1.1" 200 3634 "-" "Mozilla/5.0 (compatible; bingbot/2.0; +http://www.bing.com/bingbot.htm)"
213.115.162.107 - - [01/May/2016:02:52:39 +0000] "POST /wp-admin/admin-ajax.php HTTP/1.1" 200 102 "https://cygni.se/wp-admin/post.php?post=7572&action=edit" "Mozilla/5.0 (Windows NT 10.0; WOW64) AppleWebKit/537.36 (KHTML, like Gecko) Chrome/49.0.2623.112 Safari/537.36"
157.55.39.17 - - [01/May/2016:02:53:05 +0000] "GET /wp-uploads/2011/02/Henrik-Lundgren-headshot-300x300.jpg HTTP/1.1" 200 17923 "-" "Mozilla/5.0 (compatible; bingbot/2.0; +http://www.bing.com/bingbot.htm)"
69.162.124.230 - - [01/May/2016:02:53:31 +0000] "GET / HTTP/1.1" 200 4395 "-" "Mozilla/5.0+(compatible; UptimeRobot/2.0; http://www.uptimerobot.com/)"
207.46.13.168 - - [01/May/2016:02:53:55 +0000] "GET /jobba-pa-cygni/vara-konsulter/ HTTP/1.1" 404 3474 "-" "Mozilla/5.0 (compatible; bingbot/2.0; +http://www.bing.com/bingbot.htm)"
207.46.13.168 - - [01/May/2016:02:54:25 +0000] "GET /wp-uploads/2015/03/kambi-logo.png HTTP/1.1" 200 3519 "-" "Mozilla/5.0 (compatible; bingbot/2.0; +http://www.bing.com/bingbot.htm)"
213.115.162.107 - - [01/May/2016:02:54:40 +0000] "POST /wp-admin/admin-ajax.php HTTP/1.1" 200 102 "https://cygni.se/wp-admin/post.php?post=7572&action=edit" "Mozilla/5.0 (Windows NT 10.0; WOW64) AppleWebKit/537.36 (KHTML, like Gecko) Chrome/49.0.2623.112 Safari/537.36"
204.152.200.42 - - [01/May/2016:02:54:54 +0000] "GET / HTTP/1.1" 200 4395 "-" "Pingdom.com_bot_version_1.4_(http://www.pingdom.com/)"
62.210.215.100 - - [01/May/2016:02:56:13 +0000] "GET /2008/04/26/full-circle-ubuntu-nattidning/feed/ HTTP/1.1" 200 489 "-" "Mozilla/5.0 (X11; Linux i686) AppleWebKit/537.36 (KHTML, like Gecko) Chrome/30.0.1599.66 Safari/537.36"
157.55.39.62 - - [01/May/2016:02:56:31 +0000] "GET /wp-uploads/2011/10/gallery14.png HTTP/1.1" 200 117350 "-" "Mozilla/5.0 (compatible; bingbot/2.0; +http://www.bing.com/bingbot.htm)"
213.115.162.107 - - [01/May/2016:02:56:41 +0000] "POST /wp-admin/admin-ajax.php HTTP/1.1" 200 102 "https://cygni.se/wp-admin/post.php?post=7572&action=edit" "Mozilla/5.0 (Windows NT 10.0; WOW64) AppleWebKit/537.36 (KHTML, like Gecko) Chrome/49.0.2623.112 Safari/537.36"
69.162.124.230 - - [01/May/2016:02:58:29 +0000] "GET / HTTP/1.1" 200 4395 "-" "Mozilla/5.0+(compatible; UptimeRobot/2.0; http://www.uptimerobot.com/)"
213.115.162.107 - - [01/May/2016:02:58:41 +0000] "POST /wp-admin/admin-ajax.php HTTP/1.1" 200 102 "https://cygni.se/wp-admin/post.php?post=7572&action=edit" "Mozilla/5.0 (Windows NT 10.0; WOW64) AppleWebKit/537.36 (KHTML, like Gecko) Chrome/49.0.2623.112 Safari/537.36"
157.55.39.17 - - [01/May/2016:02:58:46 +0000] "GET /cygnibloggen/infor-sommaren-2010/ HTTP/1.1" 200 4366 "-" "Mozilla/5.0 (compatible; bingbot/2.0; +http://www.bing.com/bingbot.htm)"
157.55.39.17 - - [01/May/2016:02:59:22 +0000] "GET /taggar/rss/ HTTP/1.1" 200 3536 "-" "Mozilla/5.0 (compatible; bingbot/2.0; +http://www.bing.com/bingbot.htm)"
95.211.217.68 - - [01/May/2016:02:59:52 +0000] "GET / HTTP/1.1" 200 4395 "-" "Pingdom.com_bot_version_1.4_(http://www.pingdom.com/)"
51.255.65.83 - - [01/May/2016:02:59:59 +0000] "GET /taggar/java/page/47/ HTTP/1.1" 200 3710 "-" "Mozilla/5.0 (compatible; AhrefsBot/5.1; +http://ahrefs.com/robot/)"
80.69.225.169 - - [01/May/2016:03:00:04 +0000] "GET /robots.txt HTTP/1.0" 200 55 "-" "ECCP/1.2.1 (productlists@eniro.com)"
80.69.225.169 - - [01/May/2016:03:00:05 +0000] "GET /?p=4766 HTTP/1.0" 301 20 "-" "ECCP/1.2.1 (productlists@eniro.com)"
213.115.162.107 - - [01/May/2016:03:00:42 +0000] "POST /wp-admin/admin-ajax.php HTTP/1.1" 200 102 "https://cygni.se/wp-admin/post.php?post=7572&action=edit" "Mozilla/5.0 (Windows NT 10.0; WOW64) AppleWebKit/537.36 (KHTML, like Gecko) Chrome/49.0.2623.112 Safari/537.36"
162.243.71.33 - - [01/May/2016:03:01:26 +0000] "GET /kategori/stacktrace/feed/ HTTP/1.1" 301 20 "-" "Feedbin feed-id:326589 - 1 subscribers"
162.243.71.33 - - [01/May/2016:03:01:26 +0000] "GET /stacktrace/feed/ HTTP/1.1" 404 3474 "-" "Feedbin feed-id:326589 - 1 subscribers"
157.55.39.31 - - [01/May/2016:03:01:27 +0000] "GET /wp-uploads/2013/09/4.jpg HTTP/1.1" 200 71304 "-" "Mozilla/5.0 (compatible; bingbot/2.0; +http://www.bing.com/bingbot.htm)"
66.249.78.227 - - [01/May/2016:03:01:32 +0000] "GET /feed/ HTTP/1.1" 200 24386 "-" "Mozilla/5.0 (compatible; Googlebot/2.1; +http://www.google.com/bot.html)"
80.69.225.169 - - [01/May/2016:03:01:39 +0000] "GET /?p=7055 HTTP/1.0" 301 20 "-" "ECCP/1.2.1 (productlists@eniro.com)"
80.69.225.169 - - [01/May/2016:03:02:21 +0000] "GET /?p=103 HTTP/1.0" 301 20 "-" "ECCP/1.2.1 (productlists@eniro.com)"
207.46.13.168 - - [01/May/2016:03:02:36 +0000] "GET /wp-uploads/2015/10/Jessica1-300x300.jpg HTTP/1.1" 200 19251 "-" "Mozilla/5.0 (compatible; bingbot/2.0; +http://www.bing.com/bingbot.htm)"
207.46.13.168 - - [01/May/2016:03:02:36 +0000] "GET /wp-uploads/2011/02/katrin-tornvall-300x300.jpg HTTP/1.1" 200 20591 "-" "Mozilla/5.0 (compatible; bingbot/2.0; +http://www.bing.com/bingbot.htm)"
213.115.162.107 - - [01/May/2016:03:02:43 +0000] "POST /wp-admin/admin-ajax.php HTTP/1.1" 200 102 "https://cygni.se/wp-admin/post.php?post=7572&action=edit" "Mozilla/5.0 (Windows NT 10.0; WOW64) AppleWebKit/537.36 (KHTML, like Gecko) Chrome/49.0.2623.112 Safari/537.36"
69.162.124.230 - - [01/May/2016:03:03:30 +0000] "GET / HTTP/1.1" 200 4395 "-" "Mozilla/5.0+(compatible; UptimeRobot/2.0; http://www.uptimerobot.com/)"
213.115.162.107 - - [01/May/2016:03:04:44 +0000] "POST /wp-admin/admin-ajax.php HTTP/1.1" 200 102 "https://cygni.se/wp-admin/post.php?post=7572&action=edit" "Mozilla/5.0 (Windows NT 10.0; WOW64) AppleWebKit/537.36 (KHTML, like Gecko) Chrome/49.0.2623.112 Safari/537.36"
178.255.155.2 - - [01/May/2016:03:04:53 +0000] "GET / HTTP/1.1" 200 4395 "-" "Pingdom.com_bot_version_1.4_(http://www.pingdom.com/)"
213.115.162.107 - - [01/May/2016:03:06:45 +0000] "POST /wp-admin/admin-ajax.php HTTP/1.1" 200 102 "https://cygni.se/wp-admin/post.php?post=7572&action=edit" "Mozilla/5.0 (Windows NT 10.0; WOW64) AppleWebKit/537.36 (KHTML, like Gecko) Chrome/49.0.2623.112 Safari/537.36"
69.162.124.230 - - [01/May/2016:03:08:33 +0000] "GET / HTTP/1.1" 200 4395 "-" "Mozilla/5.0+(compatible; UptimeRobot/2.0; http://www.uptimerobot.com/)"
213.115.162.107 - - [01/May/2016:03:08:46 +0000] "POST /wp-admin/admin-ajax.php HTTP/1.1" 200 102 "https://cygni.se/wp-admin/post.php?post=7572&action=edit" "Mozilla/5.0 (Windows NT 10.0; WOW64) AppleWebKit/537.36 (KHTML, like Gecko) Chrome/49.0.2623.112 Safari/537.36"
83.170.113.210 - - [01/May/2016:03:09:52 +0000] "GET / HTTP/1.1" 200 4395 "-" "Pingdom.com_bot_version_1.4_(http://www.pingdom.com/)"
66.249.78.223 - - [01/May/2016:03:10:07 +0000] "GET /rss HTTP/1.1" 301 20 "-" "Mozilla/5.0 (compatible; Googlebot/2.1; +http://www.google.com/bot.html)"
66.249.78.223 - - [01/May/2016:03:10:07 +0000] "GET /feed/ HTTP/1.1" 200 24386 "-" "Mozilla/5.0 (compatible; Googlebot/2.1; +http://www.google.com/bot.html)"
213.115.162.107 - - [01/May/2016:03:10:47 +0000] "POST /wp-admin/admin-ajax.php HTTP/1.1" 200 102 "https://cygni.se/wp-admin/post.php?post=7572&action=edit" "Mozilla/5.0 (Windows NT 10.0; WOW64) AppleWebKit/537.36 (KHTML, like Gecko) Chrome/49.0.2623.112 Safari/537.36"
164.132.161.86 - - [01/May/2016:03:10:52 +0000] "GET /taggar/traineeprogram/ HTTP/1.1" 200 3635 "-" "Mozilla/5.0 (compatible; AhrefsBot/5.1; +http://ahrefs.com/robot/)"
213.115.162.107 - - [01/May/2016:03:12:48 +0000] "POST /wp-admin/admin-ajax.php HTTP/1.1" 200 102 "https://cygni.se/wp-admin/post.php?post=7572&action=edit" "Mozilla/5.0 (Windows NT 10.0; WOW64) AppleWebKit/537.36 (KHTML, like Gecko) Chrome/49.0.2623.112 Safari/537.36"
69.162.124.230 - - [01/May/2016:03:13:33 +0000] "GET / HTTP/1.1" 200 4395 "-" "Mozilla/5.0+(compatible; UptimeRobot/2.0; http://www.uptimerobot.com/)"
213.115.162.107 - - [01/May/2016:03:14:49 +0000] "POST /wp-admin/admin-ajax.php HTTP/1.1" 200 102 "https://cygni.se/wp-admin/post.php?post=7572&action=edit" "Mozilla/5.0 (Windows NT 10.0; WOW64) AppleWebKit/537.36 (KHTML, like Gecko) Chrome/49.0.2623.112 Safari/537.36"
207.46.13.168 - - [01/May/2016:03:14:51 +0000] "GET /taggar/usb/ HTTP/1.1" 200 3683 "-" "Mozilla/5.0 (compatible; bingbot/2.0; +http://www.bing.com/bingbot.htm)"
184.75.210.90 - - [01/May/2016:03:14:53 +0000] "GET / HTTP/1.1" 200 4395 "-" "Pingdom.com_bot_version_1.4_(http://www.pingdom.com/)"
42.2.169.219 - - [01/May/2016:03:15:40 +0000] "GET / HTTP/1.1" 200 4395 "http://www.greatplacetowork.net/best-companies/best-workplaces-in-europe/best-small-and-medium-workplaces-in-europe" "Mozilla/5.0 (Windows NT 10.0; WOW64) AppleWebKit/537.36 (KHTML, like Gecko) Chrome/49.0.2623.112 Safari/537.36"
42.2.169.219 - - [01/May/2016:03:15:40 +0000] "GET /wp-content/plugins/wp-pagenavi/pagenavi-css.css?ver=2.70 HTTP/1.1" 200 239 "https://cygni.se/" "Mozilla/5.0 (Windows NT 10.0; WOW64) AppleWebKit/537.36 (KHTML, like Gecko) Chrome/49.0.2623.112 Safari/537.36"
42.2.169.219 - - [01/May/2016:03:15:42 +0000] "GET /wp-content/themes/cygni2015/assets/css/master.min.css?ver=1.2 HTTP/1.1" 200 6707 "https://cygni.se/" "Mozilla/5.0 (Windows NT 10.0; WOW64) AppleWebKit/537.36 (KHTML, like Gecko) Chrome/49.0.2623.112 Safari/537.36"
42.2.169.219 - - [01/May/2016:03:15:42 +0000] "GET /wp-content/plugins/lightbox-gallery/lightbox-gallery.css HTTP/1.1" 200 5464 "https://cygni.se/" "Mozilla/5.0 (Windows NT 10.0; WOW64) AppleWebKit/537.36 (KHTML, like Gecko) Chrome/49.0.2623.112 Safari/537.36"
42.2.169.219 - - [01/May/2016:03:15:42 +0000] "GET /wp-includes/js/jquery/jquery.js?ver=1.11.3 HTTP/1.1" 200 33285 "https://cygni.se/" "Mozilla/5.0 (Windows NT 10.0; WOW64) AppleWebKit/537.36 (KHTML, like Gecko) Chrome/49.0.2623.112 Safari/537.36"
42.2.169.219 - - [01/May/2016:03:15:43 +0000] "GET /wp-includes/js/jquery/jquery-migrate.min.js?ver=1.2.1 HTTP/1.1" 200 3068 "https://cygni.se/" "Mozilla/5.0 (Windows NT 10.0; WOW64) AppleWebKit/537.36 (KHTML, like Gecko) Chrome/49.0.2623.112 Safari/537.36"
42.2.169.219 - - [01/May/2016:03:15:43 +0000] "GET /wp-content/plugins/lightbox-gallery/js/jquery.colorbox.js?ver=4.3.1 HTTP/1.1" 200 8806 "https://cygni.se/" "Mozilla/5.0 (Windows NT 10.0; WOW64) AppleWebKit/537.36 (KHTML, like Gecko) Chrome/49.0.2623.112 Safari/537.36"
42.2.169.219 - - [01/May/2016:03:15:43 +0000] "GET /wp-content/plugins/lightbox-gallery/js/jquery.tooltip.js?ver=4.3.1 HTTP/1.1" 200 2924 "https://cygni.se/" "Mozilla/5.0 (Windows NT 10.0; WOW64) AppleWebKit/537.36 (KHTML, like Gecko) Chrome/49.0.2623.112 Safari/537.36"
42.2.169.219 - - [01/May/2016:03:15:43 +0000] "GET /wp-content/plugins/lightbox-gallery/lightbox-gallery.js?ver=4.3.1 HTTP/1.1" 200 576 "https://cygni.se/" "Mozilla/5.0 (Windows NT 10.0; WOW64) AppleWebKit/537.36 (KHTML, like Gecko) Chrome/49.0.2623.112 Safari/537.36"
42.2.169.219 - - [01/May/2016:03:15:43 +0000] "GET /wp-content/plugins/wp-gallery-custom-links/wp-gallery-custom-links.js?ver=1.1 HTTP/1.1" 200 535 "https://cygni.se/" "Mozilla/5.0 (Windows NT 10.0; WOW64) AppleWebKit/537.36 (KHTML, like Gecko) Chrome/49.0.2623.112 Safari/537.36"
42.2.169.219 - - [01/May/2016:03:15:44 +0000] "GET /wp-content/themes/cygni2015/assets/js/main.min.js?ver=1.2 HTTP/1.1" 200 2668 "https://cygni.se/" "Mozilla/5.0 (Windows NT 10.0; WOW64) AppleWebKit/537.36 (KHTML, like Gecko) Chrome/49.0.2623.112 Safari/537.36"
42.2.169.219 - - [01/May/2016:03:15:44 +0000] "GET /wp-uploads/2011/02/frontend.png HTTP/1.1" 200 11997 "https://cygni.se/" "Mozilla/5.0 (Windows NT 10.0; WOW64) AppleWebKit/537.36 (KHTML, like Gecko) Chrome/49.0.2623.112 Safari/537.36"
42.2.169.219 - - [01/May/2016:03:15:44 +0000] "GET /wp-uploads/2011/02/fullstack.png HTTP/1.1" 200 15015 "https://cygni.se/" "Mozilla/5.0 (Windows NT 10.0; WOW64) AppleWebKit/537.36 (KHTML, like Gecko) Chrome/49.0.2623.112 Safari/537.36"
42.2.169.219 - - [01/May/2016:03:15:44 +0000] "GET /wp-uploads/2011/02/mobilt.png HTTP/1.1" 200 9846 "https://cygni.se/" "Mozilla/5.0 (Windows NT 10.0; WOW64) AppleWebKit/537.36 (KHTML, like Gecko) Chrome/49.0.2623.112 Safari/537.36"
42.2.169.219 - - [01/May/2016:03:15:44 +0000] "GET /wp-uploads/2011/02/trainee.png HTTP/1.1" 200 10058 "https://cygni.se/" "Mozilla/5.0 (Windows NT 10.0; WOW64) AppleWebKit/537.36 (KHTML, like Gecko) Chrome/49.0.2623.112 Safari/537.36"
42.2.169.219 - - [01/May/2016:03:15:44 +0000] "GET /wp-uploads/2011/02/ux-design.png HTTP/1.1" 200 18648 "https://cygni.se/" "Mozilla/5.0 (Windows NT 10.0; WOW64) AppleWebKit/537.36 (KHTML, like Gecko) Chrome/49.0.2623.112 Safari/537.36"
42.2.169.219 - - [01/May/2016:03:15:44 +0000] "GET /wp-content/themes/cygni2015/assets/img/icons/hamburger.png HTTP/1.1" 200 1055 "https://cygni.se/wp-content/themes/cygni2015/assets/css/master.min.css?ver=1.2" "Mozilla/5.0 (Windows NT 10.0; WOW64) AppleWebKit/537.36 (KHTML, like Gecko) Chrome/49.0.2623.112 Safari/537.36"
42.2.169.219 - - [01/May/2016:03:15:44 +0000] "GET /wp-content/themes/cygni2015/assets/img/logo.png HTTP/1.1" 200 9695 "https://cygni.se/wp-content/themes/cygni2015/assets/css/master.min.css?ver=1.2" "Mozilla/5.0 (Windows NT 10.0; WOW64) AppleWebKit/537.36 (KHTML, like Gecko) Chrome/49.0.2623.112 Safari/537.36"
42.2.169.219 - - [01/May/2016:03:15:44 +0000] "GET /wp-uploads/2016/02/DSC_0457-1024x576.jpg HTTP/1.1" 200 101874 "https://cygni.se/" "Mozilla/5.0 (Windows NT 10.0; WOW64) AppleWebKit/537.36 (KHTML, like Gecko) Chrome/49.0.2623.112 Safari/537.36"
42.2.169.219 - - [01/May/2016:03:15:45 +0000] "GET /wp-uploads/2011/02/follow-linkedin.png HTTP/1.1" 200 1273 "https://cygni.se/" "Mozilla/5.0 (Windows NT 10.0; WOW64) AppleWebKit/537.36 (KHTML, like Gecko) Chrome/49.0.2623.112 Safari/537.36"
42.2.169.219 - - [01/May/2016:03:15:44 +0000] "GET /wp-uploads/2016/03/cygni-great-place-to-work-2016.jpg HTTP/1.1" 200 93107 "https://cygni.se/" "Mozilla/5.0 (Windows NT 10.0; WOW64) AppleWebKit/537.36 (KHTML, like Gecko) Chrome/49.0.2623.112 Safari/537.36"
42.2.169.219 - - [01/May/2016:03:15:45 +0000] "GET /wp-uploads/2011/02/follow-facebook.png HTTP/1.1" 200 1166 "https://cygni.se/" "Mozilla/5.0 (Windows NT 10.0; WOW64) AppleWebKit/537.36 (KHTML, like Gecko) Chrome/49.0.2623.112 Safari/537.36"
42.2.169.219 - - [01/May/2016:03:15:45 +0000] "GET /wp-uploads/2011/02/follow-twitter.png HTTP/1.1" 200 1389 "https://cygni.se/" "Mozilla/5.0 (Windows NT 10.0; WOW64) AppleWebKit/537.36 (KHTML, like Gecko) Chrome/49.0.2623.112 Safari/537.36"
42.2.169.219 - - [01/May/2016:03:15:45 +0000] "GET /wp-includes/js/wp-emoji-release.min.js?ver=4.3.1 HTTP/1.1" 200 4898 "https://cygni.se/" "Mozilla/5.0 (Windows NT 10.0; WOW64) AppleWebKit/537.36 (KHTML, like Gecko) Chrome/49.0.2623.112 Safari/537.36"
42.2.169.219 - - [01/May/2016:03:15:44 +0000] "GET /wp-uploads/2016/01/cygni-team-1.jpeg HTTP/1.1" 200 284550 "https://cygni.se/" "Mozilla/5.0 (Windows NT 10.0; WOW64) AppleWebKit/537.36 (KHTML, like Gecko) Chrome/49.0.2623.112 Safari/537.36"
42.2.169.219 - - [01/May/2016:03:15:45 +0000] "GET /wp-content/plugins/lightbox-gallery/images/overlay.png HTTP/1.1" 200 182 "https://cygni.se/wp-content/plugins/lightbox-gallery/lightbox-gallery.css" "Mozilla/5.0 (Windows NT 10.0; WOW64) AppleWebKit/537.36 (KHTML, like Gecko) Chrome/49.0.2623.112 Safari/537.36"
42.2.169.219 - - [01/May/2016:03:15:44 +0000] "GET /wp-uploads/2015/03/stacktrace-1-IMG_0261.jpg HTTP/1.1" 200 544172 "https://cygni.se/" "Mozilla/5.0 (Windows NT 10.0; WOW64) AppleWebKit/537.36 (KHTML, like Gecko) Chrome/49.0.2623.112 Safari/537.36"
42.2.169.219 - - [01/May/2016:03:15:45 +0000] "GET /wp-uploads/2015/06/responsive.jpg HTTP/1.1" 200 100750 "https://cygni.se/" "Mozilla/5.0 (Windows NT 10.0; WOW64) AppleWebKit/537.36 (KHTML, like Gecko) Chrome/49.0.2623.112 Safari/537.36"
42.2.169.219 - - [01/May/2016:03:15:45 +0000] "GET /wp-uploads/2015/03/stacktrace-1-computer.jpg HTTP/1.1" 200 602301 "https://cygni.se/" "Mozilla/5.0 (Windows NT 10.0; WOW64) AppleWebKit/537.36 (KHTML, like Gecko) Chrome/49.0.2623.112 Safari/537.36"
42.2.169.219 - - [01/May/2016:03:15:45 +0000] "GET /wp-uploads/2015/03/mood-stacktrace-4.jpg HTTP/1.1" 200 524991 "https://cygni.se/" "Mozilla/5.0 (Windows NT 10.0; WOW64) AppleWebKit/537.36 (KHTML, like Gecko) Chrome/49.0.2623.112 Safari/537.36"
213.115.162.107 - - [01/May/2016:03:16:49 +0000] "POST /wp-admin/admin-ajax.php HTTP/1.1" 200 102 "https://cygni.se/wp-admin/post.php?post=7572&action=edit" "Mozilla/5.0 (Windows NT 10.0; WOW64) AppleWebKit/537.36 (KHTML, like Gecko) Chrome/49.0.2623.112 Safari/537.36"
69.162.124.230 - - [01/May/2016:03:18:32 +0000] "GET / HTTP/1.1" 200 4395 "-" "Mozilla/5.0+(compatible; UptimeRobot/2.0; http://www.uptimerobot.com/)"
213.115.162.107 - - [01/May/2016:03:18:49 +0000] "POST /wp-admin/admin-ajax.php HTTP/1.1" 200 102 "https://cygni.se/wp-admin/post.php?post=7572&action=edit" "Mozilla/5.0 (Windows NT 10.0; WOW64) AppleWebKit/537.36 (KHTML, like Gecko) Chrome/49.0.2623.112 Safari/537.36"
66.249.78.227 - - [01/May/2016:03:18:53 +0000] "GET /jobba-pa-cygni/ HTTP/1.1" 200 5357 "-" "Mozilla/5.0 (compatible; Googlebot/2.1; +http://www.google.com/bot.html)"
37.252.231.50 - - [01/May/2016:03:19:52 +0000] "GET / HTTP/1.1" 200 4395 "-" "Pingdom.com_bot_version_1.4_(http://www.pingdom.com/)"
213.115.162.107 - - [01/May/2016:03:20:52 +0000] "POST /wp-admin/admin-ajax.php HTTP/1.1" 200 102 "https://cygni.se/wp-admin/post.php?post=7572&action=edit" "Mozilla/5.0 (Windows NT 10.0; WOW64) AppleWebKit/537.36 (KHTML, like Gecko) Chrome/49.0.2623.112 Safari/537.36"
192.99.150.97 - - [08/May/2016:01:12:00 +0000] "GET /jobba-pa-cygni/kultur HTTP/1.1" 301 - "-" "Mozilla/5.0 (compatible; Dataprovider/6.92; +https://www.dataprovider.com/)"
192.99.150.97 - - [08/May/2016:01:12:01 +0000] "GET /jobba-pa-cygni/uppdrag/ HTTP/1.1" 200 14226 "-" "Mozilla/5.0 (compatible; Dataprovider/6.92; +https://www.dataprovider.com/)"
192.99.150.97 - - [08/May/2016:01:12:02 +0000] "GET /cygnibloggen/cygni-ar-sveriges-basta-arbetsplats-for-tredje-aret-i-rad/ HTTP/1.1" 200 21015 "-" "Mozilla/5.0 (compatible; Dataprovider/6.92; +https://www.dataprovider.com/)"
192.99.150.97 - - [08/May/2016:01:12:03 +0000] "GET / HTTP/1.1" 200 16220 "-" "Mozilla/5.0 (Linux; Android 4.05; Galaxy Nexus Build/IMM76B) AppleWebKit/535.25 (KHTML, like Gecko) Chrome/17.0.1025.133 Mobile Safari/536.19"
213.115.162.107 - - [08/May/2016:01:12:05 +0000] "POST /wp-admin/admin-ajax.php HTTP/1.1" 200 68 "https://cygni.se/wp-admin/post.php?post=7572&action=edit" "Mozilla/5.0 (Windows NT 10.0; WOW64) AppleWebKit/537.36 (KHTML, like Gecko) Chrome/49.0.2623.112 Safari/537.36"
66.249.78.227 - - [08/May/2016:01:13:31 +0000] "GET /cygnibloggen/tomcat-557-stable/ HTTP/1.1" 200 6380 "-" "Mozilla/5.0 (compatible; Googlebot/2.1; +http://www.google.com/bot.html)"
213.115.162.107 - - [08/May/2016:01:14:06 +0000] "POST /wp-admin/admin-ajax.php HTTP/1.1" 200 68 "https://cygni.se/wp-admin/post.php?post=7572&action=edit" "Mozilla/5.0 (Windows NT 10.0; WOW64) AppleWebKit/537.36 (KHTML, like Gecko) Chrome/49.0.2623.112 Safari/537.36"
184.75.210.90 - - [08/May/2016:01:14:54 +0000] "GET / HTTP/1.1" 200 4395 "-" "Pingdom.com_bot_version_1.4_(http://www.pingdom.com/)"
162.243.97.21 - - [08/May/2016:01:15:37 +0000] "GET /kategori/stacktrace/feed/ HTTP/1.1" 301 20 "-" "Feedbin feed-id:326589 - 1 subscribers"
162.243.97.21 - - [08/May/2016:01:15:37 +0000] "GET /stacktrace/feed/ HTTP/1.1" 404 3474 "-" "Feedbin feed-id:326589 - 1 subscribers"
69.162.124.230 - - [08/May/2016:01:15:41 +0000] "GET / HTTP/1.1" 200 4395 "-" "Mozilla/5.0+(compatible; UptimeRobot/2.0; http://www.uptimerobot.com/)"
213.115.162.107 - - [08/May/2016:01:16:07 +0000] "POST /wp-admin/admin-ajax.php HTTP/1.1" 200 68 "https://cygni.se/wp-admin/post.php?post=7572&action=edit" "Mozilla/5.0 (Windows NT 10.0; WOW64) AppleWebKit/537.36 (KHTML, like Gecko) Chrome/49.0.2623.112 Safari/537.36"
213.115.162.107 - - [08/May/2016:01:18:08 +0000] "POST /wp-admin/admin-ajax.php HTTP/1.1" 200 68 "https://cygni.se/wp-admin/post.php?post=7572&action=edit" "Mozilla/5.0 (Windows NT 10.0; WOW64) AppleWebKit/537.36 (KHTML, like Gecko) Chrome/49.0.2623.112 Safari/537.36"
157.55.39.14 - - [08/May/2016:01:18:18 +0000] "GET /cygnibloggen/julfest-pa-cygni/ HTTP/1.1" 200 4179 "-" "Mozilla/5.0 (compatible; bingbot/2.0; +http://www.bing.com/bingbot.htm)"
76.72.167.90 - - [08/May/2016:01:19:53 +0000] "GET / HTTP/1.1" 200 4395 "-" "Pingdom.com_bot_version_1.4_(http://www.pingdom.com/)"
213.115.162.107 - - [08/May/2016:01:20:09 +0000] "POST /wp-admin/admin-ajax.php HTTP/1.1" 200 68 "https://cygni.se/wp-admin/post.php?post=7572&action=edit" "Mozilla/5.0 (Windows NT 10.0; WOW64) AppleWebKit/537.36 (KHTML, like Gecko) Chrome/49.0.2623.112 Safari/537.36"
123.125.71.87 - - [08/May/2016:01:20:20 +0000] "GET /wp-uploads/2011/10/gallery2.png HTTP/1.1" 200 65065 "-" "Baiduspider-image+(+http://www.baidu.com/search/spider.htm)"
69.162.124.230 - - [08/May/2016:01:20:40 +0000] "GET / HTTP/1.1" 200 4395 "-" "Mozilla/5.0+(compatible; UptimeRobot/2.0; http://www.uptimerobot.com/)"
91.200.12.53 - - [08/May/2016:01:22:04 +0000] "GET /css.php?nd335c3 HTTP/1.1" 404 3474 "https://cygni.se/" "Mozilla/5.0 (compatible; MSIE 10.0; Windows NT 6.2; WOW64)"
213.115.162.107 - - [08/May/2016:01:22:10 +0000] "POST /wp-admin/admin-ajax.php HTTP/1.1" 200 68 "https://cygni.se/wp-admin/post.php?post=7572&action=edit" "Mozilla/5.0 (Windows NT 10.0; WOW64) AppleWebKit/537.36 (KHTML, like Gecko) Chrome/49.0.2623.112 Safari/537.36"
207.46.13.34 - - [08/May/2016:01:23:04 +0000] "GET /cygnibloggen/cygni-ar-arets-superforetag-i-ar-igen/ HTTP/1.1" 200 4099 "-" "Mozilla/5.0 (iPhone; CPU iPhone OS 7_0 like Mac OS X) AppleWebKit/537.51.1 (KHTML, like Gecko) Version/7.0 Mobile/11A465 Safari/9537.53 (compatible; bingbot/2.0; +http://www.bing.com/bingbot.htm)"
213.115.162.107 - - [08/May/2016:01:24:11 +0000] "POST /wp-admin/admin-ajax.php HTTP/1.1" 200 68 "https://cygni.se/wp-admin/post.php?post=7572&action=edit" "Mozilla/5.0 (Windows NT 10.0; WOW64) AppleWebKit/537.36 (KHTML, like Gecko) Chrome/49.0.2623.112 Safari/537.36"
85.25.176.167 - - [08/May/2016:01:24:52 +0000] "GET / HTTP/1.1" 200 4395 "-" "Pingdom.com_bot_version_1.4_(http://www.pingdom.com/)"
69.162.124.230 - - [08/May/2016:01:25:42 +0000] "GET / HTTP/1.1" 200 4395 "-" "Mozilla/5.0+(compatible; UptimeRobot/2.0; http://www.uptimerobot.com/)"
213.115.162.107 - - [08/May/2016:01:26:12 +0000] "POST /wp-admin/admin-ajax.php HTTP/1.1" 200 68 "https://cygni.se/wp-admin/post.php?post=7572&action=edit" "Mozilla/5.0 (Windows NT 10.0; WOW64) AppleWebKit/537.36 (KHTML, like Gecko) Chrome/49.0.2623.112 Safari/537.36"
66.249.78.227 - - [08/May/2016:01:27:26 +0000] "GET /rss HTTP/1.1" 301 20 "-" "Mozilla/5.0 (compatible; Googlebot/2.1; +http://www.google.com/bot.html)"
66.249.78.227 - - [08/May/2016:01:27:26 +0000] "GET /feed/ HTTP/1.1" 200 24386 "-" "Mozilla/5.0 (compatible; Googlebot/2.1; +http://www.google.com/bot.html)"
207.46.13.34 - - [08/May/2016:01:27:58 +0000] "GET /wp-content/themes/cygni2015/assets/css/master.min.css?ver=1.2 HTTP/1.1" 304 - "-" "Mozilla/5.0 (compatible; bingbot/2.0; +http://www.bing.com/bingbot.htm)"
207.46.13.34 - - [08/May/2016:01:27:58 +0000] "GET /wp-content/plugins/lightbox-gallery/js/jquery.colorbox.js?ver=4.3.1 HTTP/1.1" 304 - "-" "Mozilla/5.0 (compatible; bingbot/2.0; +http://www.bing.com/bingbot.htm)"
207.46.13.34 - - [08/May/2016:01:27:58 +0000] "GET /robots.txt HTTP/1.1" 200 55 "-" "Mozilla/5.0 (compatible; bingbot/2.0; +http://www.bing.com/bingbot.htm)"
207.46.13.34 - - [08/May/2016:01:28:00 +0000] "GET /wp-includes/js/jquery/jquery-migrate.min.js?ver=1.2.1 HTTP/1.1" 304 - "-" "Mozilla/5.0 (compatible; bingbot/2.0; +http://www.bing.com/bingbot.htm)"
40.77.167.77 - - [08/May/2016:01:28:07 +0000] "GET /wp-includes/js/jquery/jquery.js?ver=1.11.3 HTTP/1.1" 304 - "-" "Mozilla/5.0 (compatible; bingbot/2.0; +http://www.bing.com/bingbot.htm)"
40.77.167.77 - - [08/May/2016:01:28:07 +0000] "GET /wp-content/themes/cygni2015/assets/img/icons/linkedin-circle.svg HTTP/1.1" 304 - "-" "Mozilla/5.0 (compatible; bingbot/2.0; +http://www.bing.com/bingbot.htm)"
157.55.39.212 - - [08/May/2016:01:28:13 +0000] "GET /wp-content/plugins/lightbox-gallery/js/jquery.tooltip.js?ver=4.3.1 HTTP/1.1" 304 - "-" "Mozilla/5.0 (compatible; bingbot/2.0; +http://www.bing.com/bingbot.htm)"
157.55.39.212 - - [08/May/2016:01:28:13 +0000] "GET /wp-content/plugins/lightbox-gallery/lightbox-gallery.js?ver=4.3.1 HTTP/1.1" 304 - "-" "Mozilla/5.0 (compatible; bingbot/2.0; +http://www.bing.com/bingbot.htm)"
213.115.162.107 - - [08/May/2016:01:28:13 +0000] "POST /wp-admin/admin-ajax.php HTTP/1.1" 200 68 "https://cygni.se/wp-admin/post.php?post=7572&action=edit" "Mozilla/5.0 (Windows NT 10.0; WOW64) AppleWebKit/537.36 (KHTML, like Gecko) Chrome/49.0.2623.112 Safari/537.36"
157.55.39.212 - - [08/May/2016:01:28:15 +0000] "GET /wp-content/themes/cygni2015/assets/img/icons/facebook-circle.svg HTTP/1.1" 304 - "-" "Mozilla/5.0 (compatible; bingbot/2.0; +http://www.bing.com/bingbot.htm)"
157.55.39.212 - - [08/May/2016:01:28:15 +0000] "GET /wp-content/plugins/wp-gallery-custom-links/wp-gallery-custom-links.js?ver=1.1 HTTP/1.1" 304 - "-" "Mozilla/5.0 (compatible; bingbot/2.0; +http://www.bing.com/bingbot.htm)"
157.55.39.14 - - [08/May/2016:01:28:17 +0000] "GET /wp-content/themes/cygni2015/assets/img/icons/twitter-circle.svg HTTP/1.1" 304 - "-" "Mozilla/5.0 (compatible; bingbot/2.0; +http://www.bing.com/bingbot.htm)"
157.55.39.14 - - [08/May/2016:01:28:17 +0000] "GET /wp-content/themes/cygni2015/assets/js/main.min.js?ver=1.2 HTTP/1.1" 304 - "-" "Mozilla/5.0 (compatible; bingbot/2.0; +http://www.bing.com/bingbot.htm)"
157.55.39.14 - - [08/May/2016:01:28:18 +0000] "GET /wp-content/plugins/wp-pagenavi/pagenavi-css.css?ver=2.70 HTTP/1.1" 304 - "-" "Mozilla/5.0 (compatible; bingbot/2.0; +http://www.bing.com/bingbot.htm)"
157.55.39.14 - - [08/May/2016:01:28:18 +0000] "GET /wp-content/plugins/lightbox-gallery/lightbox-gallery.css HTTP/1.1" 304 - "-" "Mozilla/5.0 (compatible; bingbot/2.0; +http://www.bing.com/bingbot.htm)"
77.75.76.163 - - [08/May/2016:01:28:34 +0000] "GET /robots.txt HTTP/1.1" 200 55 "-" "Mozilla/5.0 (compatible; SeznamBot/3.2; +http://napoveda.seznam.cz/en/seznambot-intro/)"
77.75.76.163 - - [08/May/2016:01:28:36 +0000] "GET /cygnibloggen/bra-artikel-om-restful-uris/ HTTP/1.1" 200 4138 "-" "Mozilla/5.0 (compatible; SeznamBot/3.2; +http://napoveda.seznam.cz/en/seznambot-intro/)"
68.180.230.252 - - [08/May/2016:01:28:59 +0000] "GET /taggar/skatteverket/ HTTP/1.1" 200 3559 "-" "Mozilla/5.0 (compatible; Yahoo! Slurp; http://help.yahoo.com/help/us/ysearch/slurp)"
178.255.155.2 - - [08/May/2016:01:29:52 +0000] "GET / HTTP/1.1" 200 4395 "-" "Pingdom.com_bot_version_1.4_(http://www.pingdom.com/)"
213.115.162.107 - - [08/May/2016:01:30:14 +0000] "POST /wp-admin/admin-ajax.php HTTP/1.1" 200 68 "https://cygni.se/wp-admin/post.php?post=7572&action=edit" "Mozilla/5.0 (Windows NT 10.0; WOW64) AppleWebKit/537.36 (KHTML, like Gecko) Chrome/49.0.2623.112 Safari/537.36"
